ARM GAS  C:\Users\amosd\AppData\Local\Temp\ccif3pha.s 			page 1


   1              		.cpu cortex-m0plus
   2              		.arch armv6s-m
   3              		.fpu softvfp
   4              		.eabi_attribute 20, 1
   5              		.eabi_attribute 21, 1
   6              		.eabi_attribute 23, 3
   7              		.eabi_attribute 24, 1
   8              		.eabi_attribute 25, 1
   9              		.eabi_attribute 26, 1
  10              		.eabi_attribute 30, 1
  11              		.eabi_attribute 34, 0
  12              		.eabi_attribute 18, 4
  13              		.file	"scheduler.c"
  14              		.text
  15              	.Ltext0:
  16              		.cfi_sections	.debug_frame
  17              		.file 1 "Core/Src/scheduler.c"
  18              		.section	.text.executeManeuver,"ax",%progbits
  19              		.align	1
  20              		.syntax unified
  21              		.code	16
  22              		.thumb_func
  24              	executeManeuver:
  25              	.LFB217:
   1:Core/Src/scheduler.c **** #include "scheduler.h"
   2:Core/Src/scheduler.c **** #include "motor.h"
   3:Core/Src/scheduler.c **** #include "uart.h"
   4:Core/Src/scheduler.c **** 
   5:Core/Src/scheduler.c **** static void executeManeuver(const Maneuver maneuver) {
  26              		.loc 1 5 54 view -0
  27              		.cfi_startproc
  28              		@ args = 0, pretend = 0, frame = 8
  29              		@ frame_needed = 0, uses_anonymous_args = 0
  30 0000 10B5     		push	{r4, lr}
  31              	.LCFI0:
  32              		.cfi_def_cfa_offset 8
  33              		.cfi_offset 4, -8
  34              		.cfi_offset 14, -4
  35 0002 82B0     		sub	sp, sp, #8
  36              	.LCFI1:
  37              		.cfi_def_cfa_offset 16
  38 0004 6C46     		mov	r4, sp
  39 0006 0090     		str	r0, [sp]
  40 0008 0191     		str	r1, [sp, #4]
   6:Core/Src/scheduler.c ****     setPWM(FRONT_LEFT, maneuver.leftSpeed);
  41              		.loc 1 6 5 view .LVU1
  42              		.loc 1 6 32 is_stmt 0 view .LVU2
  43 000a A178     		ldrb	r1, [r4, #2]
  44              		.loc 1 6 5 view .LVU3
  45 000c 0020     		movs	r0, #0
  46 000e FFF7FEFF 		bl	setPWM
  47              	.LVL0:
   7:Core/Src/scheduler.c ****     setPWM(FRONT_RIGHT, maneuver.rightSpeed);
  48              		.loc 1 7 5 is_stmt 1 view .LVU4
  49              		.loc 1 7 33 is_stmt 0 view .LVU5
  50 0012 E178     		ldrb	r1, [r4, #3]
  51              		.loc 1 7 5 view .LVU6
ARM GAS  C:\Users\amosd\AppData\Local\Temp\ccif3pha.s 			page 2


  52 0014 0120     		movs	r0, #1
  53 0016 FFF7FEFF 		bl	setPWM
  54              	.LVL1:
   8:Core/Src/scheduler.c ****     run(FRONT_LEFT, maneuver.leftCmd);
  55              		.loc 1 8 5 is_stmt 1 view .LVU7
  56              		.loc 1 8 29 is_stmt 0 view .LVU8
  57 001a 2178     		ldrb	r1, [r4]
  58              		.loc 1 8 5 view .LVU9
  59 001c 0020     		movs	r0, #0
  60 001e FFF7FEFF 		bl	run
  61              	.LVL2:
   9:Core/Src/scheduler.c ****     run(FRONT_RIGHT, maneuver.rightCmd);
  62              		.loc 1 9 5 is_stmt 1 view .LVU10
  63              		.loc 1 9 30 is_stmt 0 view .LVU11
  64 0022 6178     		ldrb	r1, [r4, #1]
  65              		.loc 1 9 5 view .LVU12
  66 0024 0120     		movs	r0, #1
  67 0026 FFF7FEFF 		bl	run
  68              	.LVL3:
  10:Core/Src/scheduler.c **** }
  69              		.loc 1 10 1 view .LVU13
  70 002a 02B0     		add	sp, sp, #8
  71              		@ sp needed
  72 002c 10BD     		pop	{r4, pc}
  73              		.cfi_endproc
  74              	.LFE217:
  76              		.section	.text.startScheduler,"ax",%progbits
  77              		.align	1
  78              		.global	startScheduler
  79              		.syntax unified
  80              		.code	16
  81              		.thumb_func
  83              	startScheduler:
  84              	.LFB218:
  11:Core/Src/scheduler.c **** 
  12:Core/Src/scheduler.c **** void startScheduler(Scheduler scheduler) {
  85              		.loc 1 12 42 is_stmt 1 view -0
  86              		.cfi_startproc
  87              		@ args = 0, pretend = 0, frame = 8
  88              		@ frame_needed = 0, uses_anonymous_args = 0
  89 0000 00B5     		push	{lr}
  90              	.LCFI2:
  91              		.cfi_def_cfa_offset 4
  92              		.cfi_offset 14, -4
  93 0002 83B0     		sub	sp, sp, #12
  94              	.LCFI3:
  95              		.cfi_def_cfa_offset 16
  96 0004 6B46     		mov	r3, sp
  97 0006 0090     		str	r0, [sp]
  98 0008 0191     		str	r1, [sp, #4]
  13:Core/Src/scheduler.c ****     executeManeuver(scheduler.sequence[scheduler.current_maneuver]);
  99              		.loc 1 13 5 view .LVU15
 100              		.loc 1 13 49 is_stmt 0 view .LVU16
 101 000a 5979     		ldrb	r1, [r3, #5]
 102              		.loc 1 13 39 view .LVU17
 103 000c 8B00     		lsls	r3, r1, #2
 104 000e 5B18     		adds	r3, r3, r1
ARM GAS  C:\Users\amosd\AppData\Local\Temp\ccif3pha.s 			page 3


 105 0010 C118     		adds	r1, r0, r3
 106              		.loc 1 13 5 view .LVU18
 107 0012 C35C     		ldrb	r3, [r0, r3]
 108 0014 4A78     		ldrb	r2, [r1, #1]
 109 0016 1202     		lsls	r2, r2, #8
 110 0018 1A43     		orrs	r2, r3
 111 001a 8B78     		ldrb	r3, [r1, #2]
 112 001c 1B04     		lsls	r3, r3, #16
 113 001e 1343     		orrs	r3, r2
 114 0020 C878     		ldrb	r0, [r1, #3]
 115 0022 0006     		lsls	r0, r0, #24
 116 0024 1843     		orrs	r0, r3
 117 0026 0979     		ldrb	r1, [r1, #4]
 118 0028 FFF7FEFF 		bl	executeManeuver
 119              	.LVL4:
  14:Core/Src/scheduler.c **** }
 120              		.loc 1 14 1 view .LVU19
 121 002c 03B0     		add	sp, sp, #12
 122              		@ sp needed
 123 002e 00BD     		pop	{pc}
 124              		.cfi_endproc
 125              	.LFE218:
 127              		.section	.rodata.tickScheduler.str1.4,"aMS",%progbits,1
 128              		.align	2
 129              	.LC0:
 130 0000 45786563 		.ascii	"Executing next maneuver\015\012\000"
 130      7574696E 
 130      67206E65 
 130      7874206D 
 130      616E6575 
 131              		.section	.text.tickScheduler,"ax",%progbits
 132              		.align	1
 133              		.global	tickScheduler
 134              		.syntax unified
 135              		.code	16
 136              		.thumb_func
 138              	tickScheduler:
 139              	.LVL5:
 140              	.LFB219:
  15:Core/Src/scheduler.c **** 
  16:Core/Src/scheduler.c **** void tickScheduler(Scheduler *scheduler) {
 141              		.loc 1 16 42 is_stmt 1 view -0
 142              		.cfi_startproc
 143              		@ args = 0, pretend = 0, frame = 0
 144              		@ frame_needed = 0, uses_anonymous_args = 0
 145              		.loc 1 16 42 is_stmt 0 view .LVU21
 146 0000 10B5     		push	{r4, lr}
 147              	.LCFI4:
 148              		.cfi_def_cfa_offset 8
 149              		.cfi_offset 4, -8
 150              		.cfi_offset 14, -4
  17:Core/Src/scheduler.c ****     const Maneuver *cur_maneuver = &scheduler->sequence[scheduler->current_maneuver];
 151              		.loc 1 17 5 is_stmt 1 view .LVU22
 152              		.loc 1 17 46 is_stmt 0 view .LVU23
 153 0002 0468     		ldr	r4, [r0]
 154              		.loc 1 17 66 view .LVU24
 155 0004 4279     		ldrb	r2, [r0, #5]
ARM GAS  C:\Users\amosd\AppData\Local\Temp\ccif3pha.s 			page 4


 156              		.loc 1 17 56 view .LVU25
 157 0006 9300     		lsls	r3, r2, #2
 158 0008 9B18     		adds	r3, r3, r2
 159              		.loc 1 17 21 view .LVU26
 160 000a E418     		adds	r4, r4, r3
 161              	.LVL6:
  18:Core/Src/scheduler.c ****     // cur_maneuver++;
  19:Core/Src/scheduler.c ****     scheduler->elapsedTime++;
 162              		.loc 1 19 5 is_stmt 1 view .LVU27
 163              		.loc 1 19 14 is_stmt 0 view .LVU28
 164 000c 8379     		ldrb	r3, [r0, #6]
 165              		.loc 1 19 27 view .LVU29
 166 000e 0133     		adds	r3, r3, #1
 167 0010 DBB2     		uxtb	r3, r3
 168 0012 8371     		strb	r3, [r0, #6]
  20:Core/Src/scheduler.c **** 
  21:Core/Src/scheduler.c ****     if (scheduler->elapsedTime >= scheduler->sequence[scheduler->current_maneuver].duration) {
 169              		.loc 1 21 5 is_stmt 1 view .LVU30
 170              		.loc 1 21 83 is_stmt 0 view .LVU31
 171 0014 2179     		ldrb	r1, [r4, #4]
 172              		.loc 1 21 8 view .LVU32
 173 0016 8B42     		cmp	r3, r1
 174 0018 19D3     		bcc	.L3
  22:Core/Src/scheduler.c ****         // move to next maneuver
  23:Core/Src/scheduler.c ****         scheduler->current_maneuver++;
 175              		.loc 1 23 9 is_stmt 1 view .LVU33
 176              		.loc 1 23 36 is_stmt 0 view .LVU34
 177 001a 0132     		adds	r2, r2, #1
 178 001c D2B2     		uxtb	r2, r2
 179 001e 4271     		strb	r2, [r0, #5]
  24:Core/Src/scheduler.c ****         scheduler->elapsedTime = 0;
 180              		.loc 1 24 9 is_stmt 1 view .LVU35
 181              		.loc 1 24 32 is_stmt 0 view .LVU36
 182 0020 0023     		movs	r3, #0
 183 0022 8371     		strb	r3, [r0, #6]
  25:Core/Src/scheduler.c **** 
  26:Core/Src/scheduler.c ****         // loop maneuver sequence
  27:Core/Src/scheduler.c ****         if (scheduler->current_maneuver >= scheduler->length) 
 184              		.loc 1 27 9 is_stmt 1 view .LVU37
 185              		.loc 1 27 53 is_stmt 0 view .LVU38
 186 0024 0379     		ldrb	r3, [r0, #4]
 187              		.loc 1 27 12 view .LVU39
 188 0026 9A42     		cmp	r2, r3
 189 0028 01D3     		bcc	.L5
  28:Core/Src/scheduler.c ****             scheduler->current_maneuver = 0;
 190              		.loc 1 28 13 is_stmt 1 view .LVU40
 191              		.loc 1 28 41 is_stmt 0 view .LVU41
 192 002a 0023     		movs	r3, #0
 193 002c 4371     		strb	r3, [r0, #5]
 194              	.L5:
  29:Core/Src/scheduler.c ****         uart_send_string("Executing next maneuver\r\n");
 195              		.loc 1 29 9 is_stmt 1 view .LVU42
 196 002e 0848     		ldr	r0, .L6
 197              	.LVL7:
 198              		.loc 1 29 9 is_stmt 0 view .LVU43
 199 0030 FFF7FEFF 		bl	uart_send_string
 200              	.LVL8:
ARM GAS  C:\Users\amosd\AppData\Local\Temp\ccif3pha.s 			page 5


  30:Core/Src/scheduler.c ****         executeManeuver(*cur_maneuver);
 201              		.loc 1 30 9 is_stmt 1 view .LVU44
 202 0034 2378     		ldrb	r3, [r4]
 203 0036 6278     		ldrb	r2, [r4, #1]
 204 0038 1202     		lsls	r2, r2, #8
 205 003a 1A43     		orrs	r2, r3
 206 003c A378     		ldrb	r3, [r4, #2]
 207 003e 1B04     		lsls	r3, r3, #16
 208 0040 1343     		orrs	r3, r2
 209 0042 E078     		ldrb	r0, [r4, #3]
 210 0044 0006     		lsls	r0, r0, #24
 211 0046 1843     		orrs	r0, r3
 212 0048 2179     		ldrb	r1, [r4, #4]
 213 004a FFF7FEFF 		bl	executeManeuver
 214              	.LVL9:
 215              	.L3:
  31:Core/Src/scheduler.c ****     }
  32:Core/Src/scheduler.c **** }...
 216              		.loc 1 32 1 is_stmt 0 view .LVU45
 217              		@ sp needed
 218              	.LVL10:
 219              		.loc 1 32 1 view .LVU46
 220 004e 10BD     		pop	{r4, pc}
 221              	.L7:
 222              		.align	2
 223              	.L6:
 224 0050 00000000 		.word	.LC0
 225              		.cfi_endproc
 226              	.LFE219:
 228              		.text
 229              	.Letext0:
 230              		.file 2 "C:/Program Files (x86)/Arm GNU Toolchain arm-none-eabi/14.2 rel1/arm-none-eabi/include/ma
 231              		.file 3 "C:/Program Files (x86)/Arm GNU Toolchain arm-none-eabi/14.2 rel1/arm-none-eabi/include/sy
 232              		.file 4 "Core/Inc/scheduler.h"
 233              		.file 5 "Core/Inc/uart.h"
 234              		.file 6 "Core/Inc/motor.h"
ARM GAS  C:\Users\amosd\AppData\Local\Temp\ccif3pha.s 			page 6


DEFINED SYMBOLS
                            *ABS*:00000000 scheduler.c
C:\Users\amosd\AppData\Local\Temp\ccif3pha.s:19     .text.executeManeuver:00000000 $t
C:\Users\amosd\AppData\Local\Temp\ccif3pha.s:24     .text.executeManeuver:00000000 executeManeuver
C:\Users\amosd\AppData\Local\Temp\ccif3pha.s:77     .text.startScheduler:00000000 $t
C:\Users\amosd\AppData\Local\Temp\ccif3pha.s:83     .text.startScheduler:00000000 startScheduler
C:\Users\amosd\AppData\Local\Temp\ccif3pha.s:128    .rodata.tickScheduler.str1.4:00000000 $d
C:\Users\amosd\AppData\Local\Temp\ccif3pha.s:132    .text.tickScheduler:00000000 $t
C:\Users\amosd\AppData\Local\Temp\ccif3pha.s:138    .text.tickScheduler:00000000 tickScheduler
C:\Users\amosd\AppData\Local\Temp\ccif3pha.s:224    .text.tickScheduler:00000050 $d

UNDEFINED SYMBOLS
setPWM
run
uart_send_string
